// Jest Snapshot v1, https://goo.gl/fbAQLP

exports[`<FlipPage /> renders without crashing 1`] = `"<div style=\\"height:480px;position:relative;width:320px\\" class=\\"\\"></div>"`;

exports[`<FlipPage flipOnTouch /> should include two touch zones 1`] = `"<div style=\\"height:480px;position:relative;width:320px\\" class=\\"\\"><div><div style=\\"height:20%;position:absolute;width:100%;z-index:3;left:0;top:0\\"></div><div style=\\"height:20%;position:absolute;width:100%;z-index:3;bottom:0;right:0\\"></div></div></div>"`;
